c:\users\filse\source\repos\moving_pyramid\moving_pyramid\debug\vc143.pdb
c:\users\filse\source\repos\moving_pyramid\moving_pyramid\debug\vc143.idb
c:\users\filse\source\repos\moving_pyramid\moving_pyramid\debug\shaders.obj
c:\users\filse\source\repos\moving_pyramid\moving_pyramid\debug\scene.obj
c:\users\filse\source\repos\moving_pyramid\moving_pyramid\debug\main.obj
c:\users\filse\source\repos\moving_pyramid\moving_pyramid\debug\pyramid.obj
c:\users\filse\source\repos\moving_pyramid\debug\moving_pyramid.exe
c:\users\filse\source\repos\moving_pyramid\debug\moving_pyramid.pdb
c:\users\filse\source\repos\moving_pyramid\moving_pyramid\debug\moving_pyramid.ilk
d:\progs\repos\moving_pyramid\moving_pyramid\debug\main.obj
d:\progs\repos\moving_pyramid\moving_pyramid\debug\pyramid.obj
d:\progs\repos\moving_pyramid\moving_pyramid\debug\scene.obj
d:\progs\repos\moving_pyramid\moving_pyramid\debug\shaders.obj
d:\progs\repos\moving_pyramid\moving_pyramid\debug\moving_pyramid.ilk
d:\progs\repos\moving_pyramid\moving_pyramid\debug\vc143.idb
d:\progs\repos\moving_pyramid\moving_pyramid\debug\vc143.pdb
d:\progs\repos\moving_pyramid\debug\moving_pyramid.pdb
d:\progs\repos\moving_pyramid\debug\moving_pyramid.exe
d:\progs\repos\moving_pyramid\moving_pyramid\debug\moving_pyramid.tlog\cl.command.1.tlog
d:\progs\repos\moving_pyramid\moving_pyramid\debug\moving_pyramid.tlog\cl.items.tlog
d:\progs\repos\moving_pyramid\moving_pyramid\debug\moving_pyramid.tlog\cl.read.1.tlog
d:\progs\repos\moving_pyramid\moving_pyramid\debug\moving_pyramid.tlog\cl.write.1.tlog
d:\progs\repos\moving_pyramid\moving_pyramid\debug\moving_pyramid.tlog\link.command.1.tlog
d:\progs\repos\moving_pyramid\moving_pyramid\debug\moving_pyramid.tlog\link.read.1.tlog
d:\progs\repos\moving_pyramid\moving_pyramid\debug\moving_pyramid.tlog\link.secondary.1.tlog
d:\progs\repos\moving_pyramid\moving_pyramid\debug\moving_pyramid.tlog\link.write.1.tlog
